
> realconnect@0.1.0 build
> next build

node.exe : [baseline-b
rowser-mapping] The 
data in this module 
is over two months 
old.  To ensure 
accurate Baseline 
data, please update: 
`npm i baseline-browse
r-mapping@latest -D`
At line:1 char:1
+ & "C:\Program Files\
nodejs/node.exe" "C:\U
sers\MUCER\AppData\Roa
ming\ ...
+ ~~~~~~~~~~~~~~~~~~~~
~~~~~~~~~~~~~~~~~~~~~~
~~~~~~~~~~~~~~~~~~~~~~
~~~~~
    + CategoryInfo    
          : NotSpeci  
  fied: ([baseline-   
 brows...ping@late    
st -D`:String) []    
, RemoteException
    + FullyQualifiedE 
   rrorId : NativeCo  
  mmandError
 
Γû▓ Next.js 16.1.6 (Turbopack)
- Environments: .env.local

ΓÜá The "middleware" 
file convention is 
deprecated. Please 
use "proxy" instead. 
Learn more: https://ne
xtjs.org/docs/messages
/middleware-to-proxy
  Creating an optimized production build ...
[baseline-browser-mapp
ing] The data in this 
module is over two 
months old.  To 
ensure accurate 
Baseline data, please 
update: `npm i baselin
e-browser-mapping@late
st -D`

> Build error occurred
Error: Turbopack 
build failed with 3 
errors:
./app/admin/properties
/[id]/edit/page.tsx:11
:1
Module not found: 
Can't resolve 
'@dnd-kit/core'
[0m [90m  9 |[39m 
[36mimport[39m { 
useParams[33m,[39m 
useRouter } 
[36mfrom[39m [32m"n
ext/navigation"[39m[
33m;[39m
 [90m 10 |[39m 
[36mimport[39m 
[33mLink[39m 
[36mfrom[39m [32m"n
ext/link"[39m[33m;[
39m
[31m[1m>[22m[39m[
90m 11 |[39m 
[36mimport[39m {
 [90m    |[39m [31m
[1m^[22m[39m[31m[
1m^[22m[39m[31m[1m
^[22m[39m[31m[1m^
[22m[39m[31m[1m^[2
2m[39m[31m[1m^[22m
[39m[31m[1m^[22m[
39m[31m[1m^[22m[39
m
[31m[1m>[22m[39m[
90m 12 |[39m   [33mD
ndContext[39m[33m,[
39m
 [90m    |[39m [31m
[1m^[22m[39m[31m[
1m^[22m[39m[31m[1m
^[22m[39m[31m[1m^
[22m[39m[31m[1m^[2
2m[39m[31m[1m^[22m
[39m[31m[1m^[22m[
39m[31m[1m^[22m[39
m[31m[1m^[22m[39m
[31m[1m^[22m[39m[3
1m[1m^[22m[39m[31m
[1m^[22m[39m[31m[
1m^[22m[39m
[31m[1m>[22m[39m[
90m 13 |[39m   closes
tCenter[33m,[39m
 [90m    |[39m [31m
[1m^[22m[39m[31m[
1m^[22m[39m[31m[1m
^[22m[39m[31m[1m^
[22m[39m[31m[1m^[2
2m[39m[31m[1m^[22m
[39m[31m[1m^[22m[
39m[31m[1m^[22m[39
m[31m[1m^[22m[39m
[31m[1m^[22m[39m[3
1m[1m^[22m[39m[31m
[1m^[22m[39m[31m[
1m^[22m[39m
[31m[1m>[22m[39m[
90m 14 |[39m   [33mK
eyboardSensor[39m[33
m,[39m
 [90m    |[39m [31m
[1m^[22m[39m[31m[
1m^[22m[39m[31m[1m
^[22m[39m[31m[1m^
[22m[39m[31m[1m^[2
2m[39m[31m[1m^[22m
[39m[31m[1m^[22m[
39m[31m[1m^[22m[39
m[31m[1m^[22m[39m
[31m[1m^[22m[39m[3
1m[1m^[22m[39m[31m
[1m^[22m[39m[31m[
1m^[22m[39m
[31m[1m>[22m[39m[
90m 15 |[39m   [33mP
ointerSensor[39m[33m
,[39m
 [90m    |[39m [31m
[1m^[22m[39m[31m[
1m^[22m[39m[31m[1m
^[22m[39m[31m[1m^
[22m[39m[31m[1m^[2
2m[39m[31m[1m^[22m
[39m[31m[1m^[22m[
39m[31m[1m^[22m[39
m[31m[1m^[22m[39m
[31m[1m^[22m[39m[3
1m[1m^[22m[39m[31m
[1m^[22m[39m[31m[
1m^[22m[39m
[31m[1m>[22m[39m[
90m 16 |[39m   
useSensor[33m,[39m
 [90m    |[39m [31m
[1m^[22m[39m[31m[
1m^[22m[39m[31m[1m
^[22m[39m[31m[1m^
[22m[39m[31m[1m^[2
2m[39m[31m[1m^[22m
[39m[31m[1m^[22m[
39m[31m[1m^[22m[39
m[31m[1m^[22m[39m
[31m[1m^[22m[39m[3
1m[1m^[22m[39m[31m
[1m^[22m[39m[31m[
1m^[22m[39m
[31m[1m>[22m[39m[
90m 17 |[39m   
useSensors[33m,[39m
 [90m    |[39m [31m
[1m^[22m[39m[31m[
1m^[22m[39m[31m[1m
^[22m[39m[31m[1m^
[22m[39m[31m[1m^[2
2m[39m[31m[1m^[22m
[39m[31m[1m^[22m[
39m[31m[1m^[22m[39
m[31m[1m^[22m[39m
[31m[1m^[22m[39m[3
1m[1m^[22m[39m[31m
[1m^[22m[39m[31m[
1m^[22m[39m
[31m[1m>[22m[39m[
90m 18 |[39m   [33mD
ragEndEvent[39m[33m,
[39m
 [90m    |[39m [31m
[1m^[22m[39m[31m[
1m^[22m[39m[31m[1m
^[22m[39m[31m[1m^
[22m[39m[31m[1m^[2
2m[39m[31m[1m^[22m
[39m[31m[1m^[22m[
39m[31m[1m^[22m[39
m[31m[1m^[22m[39m
[31m[1m^[22m[39m[3
1m[1m^[22m[39m[31m
[1m^[22m[39m[31m[
1m^[22m[39m
[31m[1m>[22m[39m[
90m 19 |[39m } 
[36mfrom[39m [32m"@
dnd-kit/core"[39m[33
m;[39m
 [90m    |[39m [31m
[1m^[22m[39m[31m[
1m^[22m[39m[31m[1m
^[22m[39m[31m[1m^
[22m[39m[31m[1m^[2
2m[39m[31m[1m^[22m
[39m[31m[1m^[22m[
39m[31m[1m^[22m[39
m[31m[1m^[22m[39m
[31m[1m^[22m[39m[3
1m[1m^[22m[39m[31m
[1m^[22m[39m[31m[
1m^[22m[39m[31m[1m
^[22m[39m[31m[1m^
[22m[39m[31m[1m^[2
2m[39m[31m[1m^[22m
[39m[31m[1m^[22m[
39m[31m[1m^[22m[39
m[31m[1m^[22m[39m
[31m[1m^[22m[39m[3
1m[1m^[22m[39m[31m
[1m^[22m[39m[31m[
1m^[22m[39m
 [90m 20 |[39m 
[36mimport[39m {
 [90m 21 |[39m   
arrayMove[33m,[39m
 [90m 22 |[39m   [3
3mSortableContext[39m
[33m,[39m[0m



Import traces:
  Client Component 
Browser:
    ./app/admin/proper
ties/[id]/edit/page.ts
x [Client Component 
Browser]
    ./app/admin/proper
ties/[id]/edit/page.ts
x [Server Component]

  Client Component 
SSR:
    ./app/admin/proper
ties/[id]/edit/page.ts
x [Client Component 
SSR]
    ./app/admin/proper
ties/[id]/edit/page.ts
x [Server Component]

https://nextjs.org/doc
s/messages/module-not-
found


./app/admin/properties
/[id]/edit/page.tsx:20
:1
Module not found: 
Can't resolve 
'@dnd-kit/sortable'
[0m [90m 18 |[39m  
 [33mDragEndEvent[39
m[33m,[39m
 [90m 19 |[39m } 
[36mfrom[39m [32m"@
dnd-kit/core"[39m[33
m;[39m
[31m[1m>[22m[39m[
90m 20 |[39m 
[36mimport[39m {
 [90m    |[39m [31m
[1m^[22m[39m[31m[
1m^[22m[39m[31m[1m
^[22m[39m[31m[1m^
[22m[39m[31m[1m^[2
2m[39m[31m[1m^[22m
[39m[31m[1m^[22m[
39m[31m[1m^[22m[39
m
[31m[1m>[22m[39m[
90m 21 |[39m   
arrayMove[33m,[39m
 [90m    |[39m [31m
[1m^[22m[39m[31m[
1m^[22m[39m[31m[1m
^[22m[39m[31m[1m^
[22m[39m[31m[1m^[2
2m[39m[31m[1m^[22m
[39m[31m[1m^[22m[
39m[31m[1m^[22m[39
m[31m[1m^[22m[39m
[31m[1m^[22m[39m[3
1m[1m^[22m[39m[31m
[1m^[22m[39m
[31m[1m>[22m[39m[
90m 22 |[39m   [33mS
ortableContext[39m[3
3m,[39m
 [90m    |[39m [31m
[1m^[22m[39m[31m[
1m^[22m[39m[31m[1m
^[22m[39m[31m[1m^
[22m[39m[31m[1m^[2
2m[39m[31m[1m^[22m
[39m[31m[1m^[22m[
39m[31m[1m^[22m[39
m[31m[1m^[22m[39m
[31m[1m^[22m[39m[3
1m[1m^[22m[39m[31m
[1m^[22m[39m
[31m[1m>[22m[39m[
90m 23 |[39m   sortab
leKeyboardCoordinates
[33m,[39m
 [90m    |[39m [31m
[1m^[22m[39m[31m[
1m^[22m[39m[31m[1m
^[22m[39m[31m[1m^
[22m[39m[31m[1m^[2
2m[39m[31m[1m^[22m
[39m[31m[1m^[22m[
39m[31m[1m^[22m[39
m[31m[1m^[22m[39m
[31m[1m^[22m[39m[3
1m[1m^[22m[39m[31m
[1m^[22m[39m
[31m[1m>[22m[39m[
90m 24 |[39m   rectSo
rtingStrategy[33m,[3
9m
 [90m    |[39m [31m
[1m^[22m[39m[31m[
1m^[22m[39m[31m[1m
^[22m[39m[31m[1m^
[22m[39m[31m[1m^[2
2m[39m[31m[1m^[22m
[39m[31m[1m^[22m[
39m[31m[1m^[22m[39
m[31m[1m^[22m[39m
[31m[1m^[22m[39m[3
1m[1m^[22m[39m[31m
[1m^[22m[39m
[31m[1m>[22m[39m[
90m 25 |[39m   
useSortable[33m,[39m
 [90m    |[39m [31m
[1m^[22m[39m[31m[
1m^[22m[39m[31m[1m
^[22m[39m[31m[1m^
[22m[39m[31m[1m^[2
2m[39m[31m[1m^[22m
[39m[31m[1m^[22m[
39m[31m[1m^[22m[39
m[31m[1m^[22m[39m
[31m[1m^[22m[39m[3
1m[1m^[22m[39m[31m
[1m^[22m[39m
[31m[1m>[22m[39m[
90m 26 |[39m } 
[36mfrom[39m [32m"@
dnd-kit/sortable"[39m
[33m;[39m
 [90m    |[39m [31m
[1m^[22m[39m[31m[
1m^[22m[39m[31m[1m
^[22m[39m[31m[1m^
[22m[39m[31m[1m^[2
2m[39m[31m[1m^[22m
[39m[31m[1m^[22m[
39m[31m[1m^[22m[39
m[31m[1m^[22m[39m
[31m[1m^[22m[39m[3
1m[1m^[22m[39m[31m
[1m^[22m[39m[31m[
1m^[22m[39m[31m[1m
^[22m[39m[31m[1m^
[22m[39m[31m[1m^[2
2m[39m[31m[1m^[22m
[39m[31m[1m^[22m[
39m[31m[1m^[22m[39
m[31m[1m^[22m[39m
[31m[1m^[22m[39m[3
1m[1m^[22m[39m[31m
[1m^[22m[39m[31m[
1m^[22m[39m[31m[1m
^[22m[39m[31m[1m^
[22m[39m[31m[1m^[2
2m[39m[31m[1m^[22m
[39m
 [90m 27 |[39m 
[36mimport[39m { 
[33mCSS[39m } 
[36mfrom[39m [32m"@
dnd-kit/utilities"[39
m[33m;[39m
 [90m 28 |[39m 
[36mimport[39m {
 [90m 29 |[39m   [3
3mDialog[39m[33m,[3
9m[0m



Import traces:
  Client Component 
Browser:
    ./app/admin/proper
ties/[id]/edit/page.ts
x [Client Component 
Browser]
    ./app/admin/proper
ties/[id]/edit/page.ts
x [Server Component]

  Client Component 
SSR:
    ./app/admin/proper
ties/[id]/edit/page.ts
x [Client Component 
SSR]
    ./app/admin/proper
ties/[id]/edit/page.ts
x [Server Component]

https://nextjs.org/doc
s/messages/module-not-
found


./app/admin/properties
/[id]/edit/page.tsx:27
:1
Module not found: 
Can't resolve 
'@dnd-kit/utilities'
[0m [90m 25 |[39m  
 
useSortable[33m,[39m
 [90m 26 |[39m } 
[36mfrom[39m [32m"@
dnd-kit/sortable"[39m
[33m;[39m
[31m[1m>[22m[39m[
90m 27 |[39m 
[36mimport[39m { 
[33mCSS[39m } 
[36mfrom[39m [32m"@
dnd-kit/utilities"[39
m[33m;[39m
 [90m    |[39m [31m
[1m^[22m[39m[31m[
1m^[22m[39m[31m[1m
^[22m[39m[31m[1m^
[22m[39m[31m[1m^[2
2m[39m[31m[1m^[22m
[39m[31m[1m^[22m[
39m[31m[1m^[22m[39
m[31m[1m^[22m[39m
[31m[1m^[22m[39m[3
1m[1m^[22m[39m[31m
[1m^[22m[39m[31m[
1m^[22m[39m[31m[1m
^[22m[39m[31m[1m^
[22m[39m[31m[1m^[2
2m[39m[31m[1m^[22m
[39m[31m[1m^[22m[
39m[31m[1m^[22m[39
m[31m[1m^[22m[39m
[31m[1m^[22m[39m[3
1m[1m^[22m[39m[31m
[1m^[22m[39m[31m[
1m^[22m[39m[31m[1m
^[22m[39m[31m[1m^
[22m[39m[31m[1m^[2
2m[39m[31m[1m^[22m
[39m[31m[1m^[22m[
39m[31m[1m^[22m[39
m[31m[1m^[22m[39m
[31m[1m^[22m[39m[3
1m[1m^[22m[39m[31m
[1m^[22m[39m[31m[
1m^[22m[39m[31m[1m
^[22m[39m[31m[1m^
[22m[39m[31m[1m^[2
2m[39m[31m[1m^[22m
[39m[31m[1m^[22m[
39m[31m[1m^[22m[39
m
 [90m 28 |[39m 
[36mimport[39m {
 [90m 29 |[39m   [3
3mDialog[39m[33m,[3
9m
 [90m 30 |[39m   [3
3mDialogContent[39m[
33m,[39m[0m



Import traces:
  Client Component 
Browser:
    ./app/admin/proper
ties/[id]/edit/page.ts
x [Client Component 
Browser]
    ./app/admin/proper
ties/[id]/edit/page.ts
x [Server Component]

  Client Component 
SSR:
    ./app/admin/proper
ties/[id]/edit/page.ts
x [Client Component 
SSR]
    ./app/admin/proper
ties/[id]/edit/page.ts
x [Server Component]

https://nextjs.org/doc
s/messages/module-not-
found


    at <unknown> (./ap
p/admin/properties/[id
]/edit/page.tsx:11:1)
    at <unknown> (http
s://nextjs.org/docs/me
ssages/module-not-foun
d)
    at <unknown> (./ap
p/admin/properties/[id
]/edit/page.tsx:20:1)
    at <unknown> (http
s://nextjs.org/docs/me
ssages/module-not-foun
d)
    at <unknown> (./ap
p/admin/properties/[id
]/edit/page.tsx:27:1)
    at <unknown> (http
s://nextjs.org/docs/me
ssages/module-not-foun
d)
