Getting token...
Token received.
Testing https://developersandbox-api.flutterwave.com/payments...
Status: 404
Response: {"status":"failed","error":{"type":"RESOURCE_NOT_FOUND","code":"10404","message":"Resource not found","validation_errors":[]}}...
Testing https://developersandbox-api.flutterwave.com/v3/payments...
Status: 404
Response: {"status":"failed","error":{"type":"RESOURCE_NOT_FOUND","code":"10404","message":"Resource not found","validation_errors":[]}}...
